Script started on Thu 04 Feb 2016 09:07:20 AM EST
mjd85@hollerith:~/Documents/214/Labs/01$ cat circle_are. aj j .java
cat: circle_area.java: No such file or directory
mjd85@hollerith:~/Documents/214/Labs/01$ cat circle_area.java
cat: circle_area.java: No such file or directory
mjd85@hollerith:~/Documents/214/Labs/01$ cat Circle_Area.java
cat: Circle_Area.java: No such file or directory
mjd85@hollerith:~/Documents/214/Labs/01$ ls
CircleArea.java  script.java
mjd85@hollerith:~/Documents/214/Labs/01$ cat CircleArea.java
mjd85@hollerith:~/Documents/214/Labs/01$ cat CircleArea.java
/* CircleArea.java computes the area of a circle.
 *
 * Input: The radius of the circle.
 * Precondition: The radius is a positive number.
 * Output: The area of the circle.
 *
 * Begun by: Dr. Nelesen, for CS 214, at Calvin College.
 * Completed by:
 * Date:
 **********************************************************/


import java.util.Scanner;  // include class for Scanner

public class CircleArea
{
	/* function circleArea() computes a circle's area, given its radius.
	 * Parameter: r, a double
	 * Precondition: r is not negative.
	 * Returns: the area of the circle
	 */
	public static double circleArea(double r) {
	  return Math.PI * r * r;               // return an expression
	}
	
  // main program
  public static void main(String[] args)
    {
      // prompt for radius
      System.out.println("To compute the area of a circle, enter its radius: ");
     
      // Create a connection named keyboard to standard in
      Scanner keyboard = new Scanner(System.in); 
  
      //Get the number from the user
      double radius = keyboard.nextDouble();
      
      // output area
      System.out.println("The area is " + circleArea(radius)); 
    }
}mjd85@hollerith:~/Documents/214/Labs/01$ javac circle      CircleArea.java
mjd85@hollerith:~/Documents/214/Labs/01$ java CircleArea.  1
To compute the area of a circle, enter its radius: 
1
The area is 3.141592653589793
mjd85@hollerith:~/Documents/214/Labs/01$ java CircleARea   rea
To compute the area of a circle, enter its radius: 
2
The area is 12.566370614359172
mjd85@hollerith:~/Documents/214/Labs/01$ J java CircleArea
To compute the area of a circle, enter its radius: 
2.5
The area is 19.634954084936208
mjd85@hollerith:~/Documents/214/Labs/01$ java CircleArea
To compute the area of a circle, enter its radius: 
4.99999
The area is 78.53950218079365
mjd85@hollerith:~/Documents/214/Labs/01$ exit
exit

Script done on Thu 04 Feb 2016 09:10:47 AM EST
Script started on Thu 04 Feb 2016 09:32:29 AM EST
mjd85@hollerith:~/Documents/214/Labs/01$ cat circle_area.da  adb
-- circle_area.adb computes the area of a circle.
--
-- Input: The radius of the circle.
-- Precondition: The radius is a positive number.
-- Output: The area of the circle.
--
-- Begun by: Dr. Nelesen, CS 214 at Calvin College.
-- Completed by: Mark Davis
-- Date: February 4, 2016
----------------------------------------------------

with Ada.Text_IO, Ada.Float_Text_IO; -- calling Float library
use  Ada.Text_IO, Ada.Float_Text_IO; --using the library

procedure circle_area is -- defining the function 

   radius, area : float; 

   -- function circleArea computes a circle's area, given its radius
   -- Parameter: r, a float
   -- Precondition: r >= 0.0
   -- Return: the area of the circle whose radius is r
   ----------------------------------------------------
   function circleArea(r: in float) return float is 
      PI : constant := 3.1415927; -- multiply by Pi
   begin
      return PI * r ** 2; -- compute radius
   end circleArea;

begin                           
   Put_Line("To compute the area of a circle,"); -- output prompt
   Put("enter its radius: "); -- prompt for radius
   Get(radius); --store value in radius

   area := circleArea(radius); -- compute area

   Put("The area is "); -- output area message
   Put(area); -- output area value
   New_Line; -- new line
end circle_area; -- end functionmjd85@hollerith:~/Documents/214/Labs/01$ gnat m  make circle_area
gcc-4.6 -c circle_area.adb
gnatbind -x circle_area.ali
gnatlink circle_area.ali
mjd85@hollerith:~/Documents/214/Labs/01$ ./circle_area
To compute the area of a circle,
enter its radius: 1
The area is  3.14159E+00
mjd85@hollerith:~/Documents/214/Labs/01$ sc  ./circle_area
To compute the area of a circle,
enter its radius: 2
The area is  1.25664E+01
mjd85@hollerith:~/Documents/214/Labs/01$ ./circle_area
To compute the area of a circle,
enter its radius: 2.5
The area is  1.96350E+01
mjd85@hollerith:~/Documents/214/Labs/01$ circle      //  ./circle_area
To compute the area of a circle,
enter its radius: 4.99999
The area is  7.85395E+01
mjd85@hollerith:~/Documents/214/Labs/01$ exit
exit

Script done on Thu 04 Feb 2016 09:33:53 AM EST
;; This buffer is for notes you don't want to save, and for Lisp evaluation.
;; If you want to create a file, visit that file with C-x C-f,
;; then enter the text in that file's own buffer.

;;; circle_area.el computes the area of a circle. 
;;;                                                                     
;;; Input: The radius of the circle.                                    
;;; Precondition: The radius is a positive number.                      
;;; Output: The area of the circle.                                     
;;; 
;;; Begun by: Dr. Nelesen, for CS 214 at Calvin College.
;;; Completed by:Mark Davis
;;; Date:Feb 5, 2016
;;;;;;;;;;;;;;;;;;;;;;;;;;;;;;;;;;;;;;;;;;;;;;;;;;;;;                   

;;; function circleArea computes a circle's area, given its radius.     
;;; Parameters: r, a number.                                            
;;; Precondition: r >= 0.                                               
;;; Returns: the area of the circle whose radius is r.                   
;;;;;;;;;;;;;;;;;;;;;;;;;;;;;;;;;;;;;;;;;;;;;;;;;;;;;;                  
(defun circleArea (radius);defining function
  "Compute the area of a circle, passed its radius."
  (defconst PI 3.1415927);define variable for Pi           
  (* PI (* radius radius))) ;compute area         

circleArea

(defun circle_area(r);define function
 "Compute the area of a circle, given its radius interactively."
  (interactive "nRadius: ") ;run script       
  (setq area (circleArea r));call circleArea      
  (message "The circle's area is %f." area)) ;output area message

circle_area

(circleArea 1)
3.1415927

(circleArea 2)
12.5663708

(circleArea 2.5)
19.634954375

(circleArea 4.99999)
78.53950334104417
Script started on Fri 05 Feb 2016 09:16:20 AM EST
mjd85@augusta:~/Documents/214/Labs/01$ cat ; circle_area.rb
#! /usr/bin/ruby
# circle_area.rb computes the area of a circle given its radius
# 
# Input: the radius of a circle
# Precondition: the radius is not negative
# Output: the area of the circle.
#
# Begun by: Dr. Nelesen, for CS 214 at Calvin College.
# Completed by:Mark Davis
# Date:Feb 5, 2016
###############################################################

# function circleArea returns a circle's area, given its radius
# Parameters: r, a number
# Precondition: r > 0.
# Returns: the area of a circle whose radius is r.
PI = 3.1415927 #declare variable for Pi and set its value
def circleArea(r) #define function
    PI * r ** 2 #compute area
end#end function

if __FILE__ == $0 # 
   print "Enter the radius: " #prompt for radius
   radius = gets.chomp.to_f # get user input and store in variable 'radius'
   print "Area is: "# output area message
   puts circleArea(radius) #call circleArea function to computer area
end #end programmjd85@augusta:~/Documents/214/Labs/01$ ./circle_area.rb
bash: ./circle_area.rb: Permission denied
mjd85@augusta:~/Documents/214/Labs/01$ ruby circle_area.rb
Enter the radius: 1
Area is: 3.1415927
mjd85@augusta:~/Documents/214/Labs/01$ ruby circle_area.rb
Enter the radius: 2
Area is: 12.5663708
mjd85@augusta:~/Documents/214/Labs/01$ c ruby circle_area.rb
Enter the radius: 2.5
Area is: 19.634954375
mjd85@augusta:~/Documents/214/Labs/01$ ruby circle_area.rb
Enter the radius: 4.99999
Area is: 78.53950334104417
mjd85@augusta:~/Documents/214/Labs/01$ e exit
exit

Script done on Fri 05 Feb 2016 09:17:46 AM EST
